((_- 2) + 3) * 4 <= (2 + 7) * 9
! ((2 + 7) * 9 < ((_- 2) + 3) * 4)