(3 + 4) * 9 > (11 + 2) * 8
(11 + 2) * 8 < (3 + 4) * 9